../Drivers/CMSIS/Include/core_cm33.h:3212:26:ITM_SendChar	16	static,ignoring_inline_asm
../Core/Src/main.c:78:6:setPWM	32	static
../Core/Src/main.c:85:6:setBuzzerFrequency	40	static
../Core/Src/main.c:99:6:setRGB	24	static
../Core/Src/main.c:106:6:setLED	16	static
../Core/Src/main.c:110:6:initMotor	16	static
../Core/Src/main.c:117:6:setMotorSpeed	24	static
../Core/Src/main.c:125:6:write_i2c	48	static
../Core/Src/main.c:143:6:read_i2c	48	static
../Core/Src/main.c:168:5:main	64	static
../Core/Src/main.c:299:6:SystemClock_Config	128	static
../Core/Src/main.c:344:13:MX_GPDMA1_Init	16	static
../Core/Src/main.c:374:13:MX_I2C2_Init	8	static
../Core/Src/main.c:422:13:MX_TIM1_Init	120	static
../Core/Src/main.c:512:13:MX_TIM2_Init	64	static
../Core/Src/main.c:571:13:MX_TIM3_Init	64	static
../Core/Src/main.c:630:13:MX_USB_OTG_FS_PCD_Init	8	static
../Core/Src/main.c:666:13:MX_GPIO_Init	24	static
../Core/Src/main.c:683:5:_write	32	static
../Core/Src/main.c:701:6:Error_Handler	4	static,ignoring_inline_asm
